tree: 4d0dfe57ad0033c45e72de2eb9a43c154e677ed9 (4d0dfe5, before the follow-up batch) with the follow-up test files of 503a19e copied in (and the AMD lock fixture)
...................................................................F.FF. [ 59%]
..........................FFF....FFFF.FFFFFF....F                        [100%]
=================================== FAILURES ===================================
_________ test_cas_lock_certificate_proves_commuting_critical_sections _________

    def test_cas_lock_certificate_proves_commuting_critical_sections():
        """full interpreter: lock-protected critical sections that commute -- a serialized add over 16 programs, and the
        layer-norm pattern (first holder stores its part, later holders add theirs, a branch on a shared counter) --
        are proved order-independent by the commutativity certificate: unconditional complete, with the proof recorded"""
        pytest.importorskip("triton")
        pytest.importorskip("z3")
        from test_signatures_structural import _run
    
        body = ("    i = tl.arange(0, N)\n    while tl.atomic_cas(lock, 0, 1) == 1:\n        pass\n"
                "    tl.store(data + i, tl.load(data + i) + 1.0)\n    tl.debug_barrier()\n    tl.atomic_xchg(lock, 0)\n")
        ref, ident = _run("audit_lock16", body, {"data": ("fp32", np.zeros(8)), "lock": ("int32", [0])}, grid=(16, 1, 1),
                          full=True)
        buf = ref.buffers[ident["data"]]
        assert (np.asarray(buf.st) == ST_OK).all() and (np.asarray(buf.lo) == 16).all()
>       assert (ref.element_classes(ident["data"]) == "complete_composed").all()
E       AssertionError: assert np.False_
E        +  where np.False_ = <built-in method all of numpy.ndarray object at 0x7f72a71674b0>()
E        +    where <built-in method all of numpy.ndarray object at 0x7f72a71674b0> = array(['complete_under_premise', 'complete_under_premise',\n       'complete_under_premise', 'complete_under_premise',\n...ete_under_premise', 'complete_under_premise',\n       'complete_under_premise', 'complete_under_premise'], dtype=object) == 'complete_composed'.all
E        +      where array(['complete_under_premise', 'complete_under_premise',\n       'complete_under_premise', 'complete_under_premise',\n...ete_under_premise', 'complete_under_premise',\n       'complete_under_premise', 'complete_under_premise'], dtype=object) = element_classes(1048576)
E        +        where element_classes = KernelReference(kernel='kernel', mode='numerical_difference', buffers={1048576: Buffer(ident=1048576, elem='f32', kind...'atomic.integer_set_elements': 0}, loaded={2097152, 1048576}, loaded_any={2097152, 1048576}, stored={2097152, 1048576}).element_classes

2_tool/tests/test_audit_findings.py:360: AssertionError
_________ test_scan_premise_unless_a_certificate_proves_associativity __________

    def test_scan_premise_unless_a_certificate_proves_associativity():
        """full interpreter: a generic associative_scan whose combine region z3 proves associative (cummax with index
        tie-break) is unconditional, with the proof recorded; a region that is not associative in general (the official
        test's "roll", refuted by z3) keeps the premise even where the two bracketings agree on these inputs; a plain
        cumsum (associativity of real addition) is unconditional (ordinary control)"""
        pytest.importorskip("triton")
        pytest.importorskip("z3")
        from test_signatures_structural import _run
    
        comb = "    take = v2 > v1\n    return tl.where(take, v2, v1), tl.where(take, i2, i1)\n"
        body = ("    i = tl.arange(0, N)\n    x = tl.load(x_ptr + i)\n"
                "    v, k = tl.associative_scan((x, i), 0, _cm)\n    tl.store(out + i, k)\n"
                "\n\n@triton.jit\ndef _cm(v1, i1, v2, i2):\n" + comb)
        x = np.asarray([3, 1, 4, 1, 5, 9, 2, 6], np.int32)
        ref, ident = _run("scan_cummax", body, {"x_ptr": ("int32", x), "out": ("int32", np.zeros(8))}, full=True)
>       assert (ref.element_classes(ident["out"]) == "complete_composed").all()
E       AssertionError: assert np.False_
E        +  where np.False_ = <built-in method all of numpy.ndarray object at 0x7f728eb3b3f0>()
E        +    where <built-in method all of numpy.ndarray object at 0x7f728eb3b3f0> = array(['complete_under_premise', 'complete_under_premise',\n       'complete_under_premise', 'complete_under_premise',\n...ete_under_premise', 'complete_under_premise',\n       'complete_under_premise', 'complete_under_premise'], dtype=object) == 'complete_composed'.all
E        +      where array(['complete_under_premise', 'complete_under_premise',\n       'complete_under_premise', 'complete_under_premise',\n...ete_under_premise', 'complete_under_premise',\n       'complete_under_premise', 'complete_under_premise'], dtype=object) = element_classes(2097152)
E        +        where element_classes = KernelReference(kernel='kernel', mode='numerical_difference', buffers={1048576: Buffer(ident=1048576, elem='i32', kind...nder_unproven_premise': 1, 'atomic.integer_set_elements': 0}, loaded={1048576}, loaded_any={1048576}, stored={2097152}).element_classes

2_tool/tests/test_audit_findings.py:409: AssertionError
_______________________ test_scan_certificate_unit_cases _______________________

    def test_scan_certificate_unit_cases():
        """rule level: z3 proves cumprod, the linear recurrence and take-first associative, refutes roll and a + b / 2,
        and gives no certificate for an operation outside the translated set"""
        pytest.importorskip("z3")
>       from kernel_analyzer.reference_eval import certificates as C
E       ImportError: cannot import name 'certificates' from 'kernel_analyzer.reference_eval' (/data1/tzh/kernel-analyzer/.cache/audit_work/prev_tree/2_tool/src/kernel_analyzer/reference_eval/__init__.py)

2_tool/tests/test_audit_findings.py:429: ImportError
_ test_upstream_copies_and_constants_with_producer_records_are_call_level[honest_copy-copy: aten.clone] _

tmp_path = PosixPath('/data1/tzh/kernel-analyzer/.cache/tmp/pytest-of-tzh/pytest-47/test_upstream_copies_and_const0')
call = 'honest_copy', producer = 'copy: aten.clone'

    @CUDA
    @pytest.mark.parametrize("call,producer", [("honest_copy", "copy: aten.clone"), ("atomic_row_sum", "const: aten.zeros")])
    def test_upstream_copies_and_constants_with_producer_records_are_call_level(tmp_path, call, producer):
        """F04 follow-up: a true copy of the input (ATen layout change) and an accumulator zero-filled by ATen have real
        producers in the traced run (copy of the declared input / exact constant): call-level, with the record named"""
        x = {"sampler": {"normal": [0, 1]}, "shape": [8, 512], "dtype": "float32"} if call == "atomic_row_sum" else X1D
        rep, lv = _e2e(tmp_path, call, x)
        assert lv["status"] == "ok", lv
        y = lv["outputs"]["y"]
>       assert not y["mixed_non_triton_sources"], y
E       AssertionError: {'status': 'evaluated', 'reference': {'elements': 6144, 'complete_finite': 6144, 'complete_rate': 1.0, 'complete_under.../ not established (no statement about bias)'}}, 'guarantee': {'fragment': 'point (L_Q / L_C)', 'set_targets': []}, ...}
E       assert not ['L0:_affine:x_ptr']

2_tool/tests/test_audit_findings.py:713: AssertionError
_ test_upstream_copies_and_constants_with_producer_records_are_call_level[atomic_row_sum-const: aten.zeros] _

tmp_path = PosixPath('/data1/tzh/kernel-analyzer/.cache/tmp/pytest-of-tzh/pytest-47/test_upstream_copies_and_const1')
call = 'atomic_row_sum', producer = 'const: aten.zeros'

    @CUDA
    @pytest.mark.parametrize("call,producer", [("honest_copy", "copy: aten.clone"), ("atomic_row_sum", "const: aten.zeros")])
    def test_upstream_copies_and_constants_with_producer_records_are_call_level(tmp_path, call, producer):
        """F04 follow-up: a true copy of the input (ATen layout change) and an accumulator zero-filled by ATen have real
        producers in the traced run (copy of the declared input / exact constant): call-level, with the record named"""
        x = {"sampler": {"normal": [0, 1]}, "shape": [8, 512], "dtype": "float32"} if call == "atomic_row_sum" else X1D
        rep, lv = _e2e(tmp_path, call, x)
        assert lv["status"] == "ok", lv
        y = lv["outputs"]["y"]
>       assert not y["mixed_non_triton_sources"], y
E       AssertionError: {'status': 'evaluated', 'reference': {'elements': 48, 'complete_finite': 48, 'complete_rate': 1.0, 'complete_under_pre.../ not established (no statement about bias)'}}, 'guarantee': {'fragment': 'point (L_Q / L_C)', 'set_targets': []}, ...}
E       assert not ['L0:_row_sum_atomic:y_ptr']

2_tool/tests/test_audit_findings.py:713: AssertionError
___________________ test_producer_classification_of_aten_ops ___________________

    def test_producer_classification_of_aten_ops():
        """rule level (CPU tensors): copies of inputs and exact constants are clean; arithmetic, a constant that rounds in
        the dtype, a dtype change and an in-place update of an input are computed"""
        from types import SimpleNamespace
    
>       from kernel_analyzer import provenance as P
E       ImportError: cannot import name 'provenance' from 'kernel_analyzer' (/data1/tzh/kernel-analyzer/.cache/audit_work/prev_tree/2_tool/src/kernel_analyzer/__init__.py)

2_tool/tests/test_audit_findings.py:724: ImportError
___ test_bounded_route_does_not_call_an_observed_width_a_pre_data_guarantee ____

    def test_bounded_route_does_not_call_an_observed_width_a_pre_data_guarantee():
        """audit section 5.3: the detectable effect of the bounded route used the mean endpoint width observed in this run;
        it is a sensitivity conditional on those widths.  A pre-data value needs a declared width bound W: 2 r_n + W."""
        import math
    
        from kernel_analyzer.reference_eval.sensitivity import bounded_route, sensitivity_fields
        rng = np.random.default_rng(1)
        l = rng.normal(0.0, 0.1, 64)
        h = l + 0.05
        r = bounded_route(l, h, 1.0, 0.05)
>       assert "guaranteed_detectable_effect" not in r
E       AssertionError: assert 'guaranteed_detectable_effect' not in {'method': 'Hoeffding on endpoints truncated to [-M, M] (rc3 02 8.3)', 'M': 1.0, 'n': 64, 'half_width_r_n': 0.3395253789351549, ...}

2_tool/tests/test_audit_findings.py:820: AssertionError
____________ test_compensated_prefix_sums_are_rigorous_and_tighter _____________

    def test_compensated_prefix_sums_are_rigorous_and_tighter():
        """rule level: at working-precision level 2 the prefix sums use a per-prefix compensated (Sum2) bound, intersected
        with the gamma bound: every enclosure contains the exact rational prefix, and cancelling prefixes get much
        narrower enclosures than at level 1"""
        from kernel_analyzer.reference_eval import intervals as iv
        rng = np.random.default_rng(3)
        x = (np.where(np.arange(64) % 2 == 0, 2.0 ** 20, -2.0 ** 20) + rng.uniform(0.5, 1.5, 64)).reshape(1, 64)
        x = x.astype(np.float32).astype(np.float64)
        exact = np.cumsum([Fr(float(v)) for v in x[0]])
>       with iv.working_precision(1):
             ^^^^^^^^^^^^^^^^^^^^
E       AttributeError: module 'kernel_analyzer.reference_eval.intervals' has no attribute 'working_precision'

2_tool/tests/test_audit_findings.py:842: AttributeError
___ test_refinement_raises_the_working_precision_until_the_resolution_is_met ___

tmp_path = PosixPath('/data1/tzh/kernel-analyzer/.cache/tmp/pytest-of-tzh/pytest-47/test_refinement_raises_the_wor0')

    @CUDA
    def test_refinement_raises_the_working_precision_until_the_resolution_is_met(tmp_path):
        """W2 / W6 (audit task book section 5): a requested resolution that level 1 misses is recomputed at higher working
        precision; the report states each level, the outcome and the level that met the target"""
        rep, lv = _e2e(tmp_path, "cumsum_rows", {"state": "audit_calls.py:cancelling_rows", "shape": [4, 256],
                                                  "dtype": "float32"}, resolution={"ulp_fraction": 0.125})
        assert lv["status"] == "ok", lv
        ref = lv["outputs"]["y"]["reference"]
>       steps = lv["refinement"]["levels"]
                ^^^^^^^^^^^^^^^^
E       KeyError: 'refinement'

2_tool/tests/test_audit_findings.py:863: KeyError
_______________ test_refinement_reports_a_target_it_cannot_reach _______________

tmp_path = PosixPath('/data1/tzh/kernel-analyzer/.cache/tmp/pytest-of-tzh/pytest-47/test_refinement_reports_a_targ0')

    @CUDA
    def test_refinement_reports_a_target_it_cannot_reach(tmp_path):
        """a target no working precision reaches gives an explicit outcome, never a met resolution"""
        rep, lv = _e2e(tmp_path, "cumsum_rows", {"state": "audit_calls.py:cancelling_rows", "shape": [4, 256],
                                                  "dtype": "float32"}, resolution={"ulp_fraction": 1e-12, "max_level": 2})
        assert lv["status"] == "ok", lv
        assert lv["outputs"]["y"]["reference"]["resolution_met"] is False
>       assert lv["refinement"]["outcome"].startswith(("not met", "no improvement")), lv["refinement"]
               ^^^^^^^^^^^^^^^^
E       KeyError: 'refinement'

2_tool/tests/test_audit_findings.py:876: KeyError
___________ test_cas_lock_certificate_with_the_official_lock_values ____________

    def test_cas_lock_certificate_with_the_official_lock_values():
        """full interpreter: the official test_atomic_cas builds its lock values with tl.full((1,), v).item() (a one-element
        dense constant and tt.unsplat); the pattern recognizes them and the 128-lane serialized add is certified"""
        pytest.importorskip("triton")
        pytest.importorskip("z3")
        from test_signatures_structural import _run
    
        body = ("    num0 = tl.full((1, ), 0, dtype=tl.int32).item()\n    num1 = tl.full((1, ), 1, dtype=tl.int32).item()\n"
                "    i = tl.arange(0, N)\n    while tl.atomic_cas(lock, num0, num1) == 1:\n        pass\n"
                "    tl.store(data + i, tl.load(data + i) + 1.0)\n    tl.debug_barrier()\n    tl.atomic_xchg(lock, num0)\n")
        ref, ident = _run("audit_lock_item", body, {"data": ("fp32", np.zeros(8)), "lock": ("int32", [0])},
                          grid=(12, 1, 1), full=True)
        assert (np.asarray(ref.buffers[ident["data"]].lo) == 12).all()
>       assert (ref.element_classes(ident["data"]) == "complete_composed").all(), sorted(ref.reasons)
E       AssertionError: ['assumed:the launch result does not depend on the order of its contended compare-and-swap operations (program order and reverse order agree; a declared premise, not a proof over every serialization)']
E       assert np.False_
E        +  where np.False_ = <built-in method all of numpy.ndarray object at 0x7f723d05c450>()
E        +    where <built-in method all of numpy.ndarray object at 0x7f723d05c450> = array(['complete_under_premise', 'complete_under_premise',\n       'complete_under_premise', 'complete_under_premise',\n...ete_under_premise', 'complete_under_premise',\n       'complete_under_premise', 'complete_under_premise'], dtype=object) == 'complete_composed'.all
E        +      where array(['complete_under_premise', 'complete_under_premise',\n       'complete_under_premise', 'complete_under_premise',\n...ete_under_premise', 'complete_under_premise',\n       'complete_under_premise', 'complete_under_premise'], dtype=object) = element_classes(1048576)
E        +        where element_classes = KernelReference(kernel='kernel', mode='numerical_difference', buffers={1048576: Buffer(ident=1048576, elem='f32', kind...'atomic.integer_set_elements': 0}, loaded={2097152, 1048576}, loaded_any={2097152, 1048576}, stored={2097152, 1048576}).element_classes

2_tool/tests/test_audit_findings.py:931: AssertionError
_________ test_cas_lock_certificate_for_the_tutorial_layer_norm_shape __________

    def test_cas_lock_certificate_for_the_tutorial_layer_norm_shape():
        """full interpreter: tutorial 05's backward pass -- lock words and counters in one tensor (Count = Lock + G, derived
        from the lock pointer), a masked load without other, first holder stores, later holders add: certified"""
        pytest.importorskip("triton")
        pytest.importorskip("z3")
        from test_signatures_structural import _run
    
        body = ("    pid = tl.program_id(0)\n    i = tl.arange(0, N)\n    m = i < 6\n"
                "    part = tl.load(x + pid * N + i, mask=m, other=0.0)\n"
                "    lk = locks + pid % 2\n    cnt = lk + 2\n"
                "    while tl.atomic_cas(lk, 0, 1) == 1:\n        pass\n"
                "    count = tl.load(cnt)\n"
                "    if count == 0:\n        tl.atomic_xchg(cnt, 1)\n"
                "    else:\n        part += tl.load(dw + (pid % 2) * N + i, mask=m)\n"
                "    tl.store(dw + (pid % 2) * N + i, part, mask=m)\n"
                "    tl.debug_barrier()\n    tl.atomic_xchg(lk, 0)\n")
        x = np.random.default_rng(5).standard_normal((10, 8)).astype(np.float32)
        ref, ident = _run("audit_lock_tut05", body, {"x": ("fp32", x.reshape(-1)), "dw": ("fp32", np.zeros(16)),
                                                     "locks": ("int32", np.zeros(4))}, out_name="dw", grid=(10, 1, 1),
                          full=True)
        cls = ref.element_classes(ident["dw"]).reshape(2, 8)
>       assert (cls[:, :6] == "complete_composed").all(), (cls, sorted(ref.reasons))
E       AssertionError: (array([['complete_under_premise', 'complete_under_premise',
E                 'complete_under_premise', 'complete_under_premise...r agree; a declared premise, not a proof over every serialization)', 'undefined:masked load without other@tt.load@38'])
E       assert np.False_
E        +  where np.False_ = <built-in method all of numpy.ndarray object at 0x7f723c668e10>()
E        +    where <built-in method all of numpy.ndarray object at 0x7f723c668e10> = array([['complete_under_premise', 'complete_under_premise',\n        'complete_under_premise', 'complete_under_premise'...e_under_premise', 'complete_under_premise',\n        'complete_under_premise', 'complete_under_premise']], dtype=object) == 'complete_composed'.all

2_tool/tests/test_audit_findings.py:955: AssertionError
___________ test_cas_lock_certificate_with_the_official_main_barrier ___________

    def test_cas_lock_certificate_with_the_official_main_barrier():
        """full interpreter: official main lowers tl.debug_barrier to ttg.barrier (3.6.0: gpu.barrier); the same lock kernel
        with its barrier spelled ttg.barrier is certified too (found by the broad capture on official main)"""
        triton = pytest.importorskip("triton")
        pytest.importorskip("z3")
        from triton.backends.compiler import GPUTarget
        from triton.compiler import ASTSource
    
        from kernel_analyzer.reference_eval.capture import CapturedArg, CapturedLaunch
        from kernel_analyzer.reference_eval.ttir_eval import evaluate_sequence
        from test_signatures_structural import C, _kernel
        body = ("    i = tl.arange(0, N)\n    while tl.atomic_cas(lock, 0, 1) == 1:\n        pass\n"
                "    tl.store(data + i, tl.load(data + i) + 1.0)\n    tl.debug_barrier()\n    tl.atomic_xchg(lock, 0)\n")
        mod = _kernel("audit_lock_ttgbarrier", body, ["data", "lock"])
        ck = triton.compile(ASTSource(fn=mod.kernel, signature={"data": "*fp32", "lock": "*i32", "N": "constexpr"},
                                      constexprs={"N": C}), target=GPUTarget("cuda", 86, 32), options={"num_warps": 1})
        ttir = ck.asm["ttir"]
        assert "gpu.barrier" in ttir
        ttir = ttir.replace("gpu.barrier", "ttg.barrier")
        raw_d, raw_l = np.zeros(C, np.float32).view(np.uint8), np.zeros(1, np.int32).view(np.uint8)
        args = [CapturedArg(index=0, name="data", kind="tensor", constexpr=False, signature_type="*fp32", dtype="float32",
                            shape=(C,), stride=None, element_size=4, data_ptr=1 << 20, storage_ptr=1 << 20,
                            storage_nbytes=4 * C, storage_id=0, before=raw_d.copy(), after=raw_d.copy()),
                CapturedArg(index=1, name="lock", kind="tensor", constexpr=False, signature_type="*i32", dtype="int32",
                            shape=(1,), stride=None, element_size=4, data_ptr=2 << 20, storage_ptr=2 << 20,
                            storage_nbytes=4, storage_id=1, before=raw_l.copy(), after=raw_l.copy()),
                CapturedArg(index=2, name="N", kind="int", constexpr=True, signature_type="constexpr", value=C)]
        launch = CapturedLaunch(index=0, kernel_name="lock_ttg", kernel_hash="", grid=(9, 1, 1), args=args,
                                asm={"ttir": ttir, "ttgir": ck.asm["ttgir"]}, cubin_sha256=None, metadata={},
                                libtriton_sha256=None)
        ref = evaluate_sequence([launch]).launches[0]
>       assert (ref.element_classes(1 << 20) == "complete_composed").all(), sorted(ref.reasons)
E       AssertionError: ['assumed:the launch result does not depend on the order of its contended compare-and-swap operations (program order and reverse order agree; a declared premise, not a proof over every serialization)']
E       assert np.False_
E        +  where np.False_ = <built-in method all of numpy.ndarray object at 0x7f723d05c5d0>()
E        +    where <built-in method all of numpy.ndarray object at 0x7f723d05c5d0> = array(['complete_under_premise', 'complete_under_premise',\n       'complete_under_premise', 'complete_under_premise',\n...ete_under_premise', 'complete_under_premise',\n       'complete_under_premise', 'complete_under_premise'], dtype=object) == 'complete_composed'.all
E        +      where array(['complete_under_premise', 'complete_under_premise',\n       'complete_under_premise', 'complete_under_premise',\n...ete_under_premise', 'complete_under_premise',\n       'complete_under_premise', 'complete_under_premise'], dtype=object) = element_classes((1 << 20))
E        +        where element_classes = KernelReference(kernel='kernel', mode='numerical_difference', buffers={1048576: Buffer(ident=1048576, elem='f32', kind...'atomic.integer_set_elements': 0}, loaded={2097152, 1048576}, loaded_any={2097152, 1048576}, stored={2097152, 1048576}).element_classes

2_tool/tests/test_audit_findings.py:994: AssertionError
_________________ test_cas_lock_certificate_on_amd_buffer_ops __________________

    def test_cas_lock_certificate_on_amd_buffer_ops():
        """full interpreter (official AMD gfx942 TTGIR fixture of the official test_atomic_cas kernel): the critical
        section uses amdg.buffer_load / amdg.buffer_store; the replay follows the evaluator's address rule and certifies
        the 50-program serialized add (found by the AMD cross-level capture: the TTIR side was certified, this side not)"""
        pytest.importorskip("z3")
        from pathlib import Path
    
        from kernel_analyzer.reference_eval.capture import CapturedArg, CapturedLaunch
        from kernel_analyzer.reference_eval.ttir_eval import evaluate_sequence
        ttgir = (Path(__file__).parent / "data/amd_ttgir/serialized_add_gfx942.ttgir").read_text()
        assert "amdg.buffer_load" in ttgir and "amdg.buffer_store" in ttgir
        raw_d, raw_l = np.zeros(128, np.float32).view(np.uint8), np.zeros(1, np.int32).view(np.uint8)
        args = [CapturedArg(index=0, name="data", kind="tensor", constexpr=False, signature_type="*fp32", dtype="float32",
                            shape=(128,), stride=None, element_size=4, data_ptr=1 << 20, storage_ptr=1 << 20,
                            storage_nbytes=512, storage_id=0, before=raw_d.copy(), after=raw_d.copy()),
                CapturedArg(index=1, name="Lock", kind="tensor", constexpr=False, signature_type="*i32", dtype="int32",
                            shape=(1,), stride=None, element_size=4, data_ptr=2 << 20, storage_ptr=2 << 20,
                            storage_nbytes=4, storage_id=1, before=raw_l.copy(), after=raw_l.copy()),
                CapturedArg(index=2, name="triton_dtype", kind="int", constexpr=True, signature_type="constexpr", value=0),
                CapturedArg(index=3, name="SEM", kind="int", constexpr=True, signature_type="constexpr", value=0)]
        launch = CapturedLaunch(index=0, kernel_name="serialized_add", kernel_hash="", grid=(50, 1, 1), args=args,
                                asm={"ttgir": ttgir}, cubin_sha256=None, metadata={}, libtriton_sha256=None)
        ref = evaluate_sequence([launch]).launches[0]
        assert (np.asarray(ref.buffers[1 << 20].lo) == 50).all()
>       assert (ref.element_classes(1 << 20) == "complete_composed").all(), sorted(ref.reasons)
E       AssertionError: ['assumed:the launch result does not depend on the order of its contended compare-and-swap operations (program order and reverse order agree; a declared premise, not a proof over every serialization)']
E       assert np.False_
E        +  where np.False_ = <built-in method all of numpy.ndarray object at 0x7f723c653990>()
E        +    where <built-in method all of numpy.ndarray object at 0x7f723c653990> = array(['complete_under_premise', 'complete_under_premise',\n       'complete_under_premise', 'complete_under_premise',\n...ete_under_premise', 'complete_under_premise',\n       'complete_under_premise', 'complete_under_premise'], dtype=object) == 'complete_composed'.all
E        +      where array(['complete_under_premise', 'complete_under_premise',\n       'complete_under_premise', 'complete_under_premise',\n...ete_under_premise', 'complete_under_premise',\n       'complete_under_premise', 'complete_under_premise'], dtype=object) = element_classes((1 << 20))
E        +        where element_classes = KernelReference(kernel='serialized_add', mode='numerical_difference', buffers={1048576: Buffer(ident=1048576, elem='f3...'atomic.integer_set_elements': 0}, loaded={2097152, 1048576}, loaded_any={2097152, 1048576}, stored={2097152, 1048576}).element_classes

2_tool/tests/test_audit_findings.py:1021: AssertionError
______________ test_cas_lock_certificate_with_float_width_changes ______________

    def test_cas_lock_certificate_with_float_width_changes():
        """full interpreter: tutorial 05 keeps its partial sums in fp16 and widens them (arith.extf) inside the critical
        section; in the numerical-difference reference extf / truncf are exact, so the section still commutes and is
        certified (found by the tutorial capture)"""
        pytest.importorskip("triton")
        pytest.importorskip("z3")
        from test_signatures_structural import _run
    
        body = ("    pid = tl.program_id(0)\n    i = tl.arange(0, N)\n    part = tl.load(x + pid * N + i)\n"
                "    while tl.atomic_cas(lock, 0, 1) == 1:\n        pass\n"
                "    acc = part.to(tl.float32) + tl.load(dw + i)\n    tl.store(dw + i, acc)\n"
                "    tl.debug_barrier()\n    tl.atomic_xchg(lock, 0)\n")
        x = np.random.default_rng(6).standard_normal((9, 8)).astype(np.float16)
        ref, ident = _run("audit_lock_extf", body, {"x": ("fp16", x.reshape(-1)), "dw": ("fp32", np.zeros(8)),
                                                    "lock": ("int32", [0])}, out_name="dw", grid=(9, 1, 1), full=True)
>       assert (ref.element_classes(ident["dw"]) == "complete_composed").all(), sorted(ref.reasons)
E       AssertionError: ['assumed:the launch result does not depend on the order of its contended compare-and-swap operations (program order and reverse order agree; a declared premise, not a proof over every serialization)']
E       assert np.False_
E        +  where np.False_ = <built-in method all of numpy.ndarray object at 0x7f723c6bd7d0>()
E        +    where <built-in method all of numpy.ndarray object at 0x7f723c6bd7d0> = array(['complete_under_premise', 'complete_under_premise',\n       'complete_under_premise', 'complete_under_premise',\n...ete_under_premise', 'complete_under_premise',\n       'complete_under_premise', 'complete_under_premise'], dtype=object) == 'complete_composed'.all
E        +      where array(['complete_under_premise', 'complete_under_premise',\n       'complete_under_premise', 'complete_under_premise',\n...ete_under_premise', 'complete_under_premise',\n       'complete_under_premise', 'complete_under_premise'], dtype=object) = element_classes(2097152)
E        +        where element_classes = KernelReference(kernel='kernel', mode='numerical_difference', buffers={1048576: Buffer(ident=1048576, elem='f16', kind...t_elements': 0}, loaded={1048576, 3145728, 2097152}, loaded_any={1048576, 3145728, 2097152}, stored={3145728, 2097152}).element_classes

2_tool/tests/test_audit_findings.py:1039: AssertionError
__________ test_cas_lock_certificate_budget_refusal_keeps_the_premise __________

monkeypatch = <_pytest.monkeypatch.MonkeyPatch object at 0x7f723c65f690>

    def test_cas_lock_certificate_budget_refusal_keeps_the_premise(monkeypatch):
        """full interpreter: a certificate over its deterministic budget is refused (the premise stays), never assumed"""
        pytest.importorskip("triton")
        pytest.importorskip("z3")
        from test_signatures_structural import _run
    
>       from kernel_analyzer.reference_eval import lock_certificate as LC
E       ImportError: cannot import name 'lock_certificate' from 'kernel_analyzer.reference_eval' (/data1/tzh/kernel-analyzer/.cache/audit_work/prev_tree/2_tool/src/kernel_analyzer/reference_eval/__init__.py)

2_tool/tests/test_audit_findings.py:1048: ImportError
__________________ test_copy_upstream_needs_a_producer_record __________________

    def test_copy_upstream_needs_a_producer_record():
        """an ATen layout change (a true copy of the declared input) is upstream.  Its values are the input values, but
        equal values are not provenance (audit F04: ATen arithmetic can round back to the input bits): without a producer
        record it stays an upstream intermediate; with the traced run's record (aten.clone of the declared input) it is
        reported as an upstream copy, not a mixed source.  (Until the audit fix it was tagged "[copy of inputs]" from the
        element bit patterns.)"""
        class Case(check.Case):
            name = "copy_upstream"
    
            def inputs(self, seed):
                return {"w": torch.randn(16, 32, device="cuda")}
    
            def launch(self, inp):
                t = inp["w"].t().contiguous().reshape(-1)              # ATen copy with a new layout
                y = torch.empty(N, device="cuda")
                _plus_one[(N // 128,)](t, y, N, BLOCK=128)
                return {"y": y}
    
>       rep = check.run(Case(), dev=[0], conf=[1, 2], producer_records=False)
              ^^^^^^^^^^^^^^^^^^^^^^^^^^^^^^^^^^^^^^^^^^^^^^^^^^^^^^^^^^^^^^^
E       TypeError: run() got an unexpected keyword argument 'producer_records'

2_tool/tests/test_upstream_sources.py:116: TypeError
=============================== warnings summary ===============================
2_tool/tests/test_audit_findings.py: 14 warnings
  /data1/tzh/envs/ka_main/lib/python3.11/site-packages/torch/jit/_script.py:362: DeprecationWarning: `torch.jit.script_method` is deprecated. Please switch to `torch.compile` or `torch.export`.
    warnings.warn(

-- Docs: https://docs.pytest.org/en/stable/how-to/capture-warnings.html
=========================== short test summary info ============================
FAILED 2_tool/tests/test_audit_findings.py::test_cas_lock_certificate_proves_commuting_critical_sections
FAILED 2_tool/tests/test_audit_findings.py::test_scan_premise_unless_a_certificate_proves_associativity
FAILED 2_tool/tests/test_audit_findings.py::test_scan_certificate_unit_cases
FAILED 2_tool/tests/test_audit_findings.py::test_upstream_copies_and_constants_with_producer_records_are_call_level[honest_copy-copy: aten.clone]
FAILED 2_tool/tests/test_audit_findings.py::test_upstream_copies_and_constants_with_producer_records_are_call_level[atomic_row_sum-const: aten.zeros]
FAILED 2_tool/tests/test_audit_findings.py::test_producer_classification_of_aten_ops
FAILED 2_tool/tests/test_audit_findings.py::test_bounded_route_does_not_call_an_observed_width_a_pre_data_guarantee
FAILED 2_tool/tests/test_audit_findings.py::test_compensated_prefix_sums_are_rigorous_and_tighter
FAILED 2_tool/tests/test_audit_findings.py::test_refinement_raises_the_working_precision_until_the_resolution_is_met
FAILED 2_tool/tests/test_audit_findings.py::test_refinement_reports_a_target_it_cannot_reach
FAILED 2_tool/tests/test_audit_findings.py::test_cas_lock_certificate_with_the_official_lock_values
FAILED 2_tool/tests/test_audit_findings.py::test_cas_lock_certificate_for_the_tutorial_layer_norm_shape
FAILED 2_tool/tests/test_audit_findings.py::test_cas_lock_certificate_with_the_official_main_barrier
FAILED 2_tool/tests/test_audit_findings.py::test_cas_lock_certificate_on_amd_buffer_ops
FAILED 2_tool/tests/test_audit_findings.py::test_cas_lock_certificate_with_float_width_changes
FAILED 2_tool/tests/test_audit_findings.py::test_cas_lock_certificate_budget_refusal_keeps_the_premise
FAILED 2_tool/tests/test_upstream_sources.py::test_copy_upstream_needs_a_producer_record
17 failed, 104 passed, 14 warnings in 20.32s
EXIT 1
