{
  "schema": "audit-recheck-v2",
  "baseline_commit": "1aee15e9df7a45f434699b7016056e6650fdae99",
  "scope": "isolated source functions, no GPU or full interpreter run",
  "python": "3.13.5",
  "numpy": "2.3.5",
  "source": {
    "native": false,
    "source_ast_check": {},
    "checkout_commit": null,
    "fixture_dependencies": [
      "old audit TV/status helpers",
      "measure validation/factor/version fixtures"
    ]
  },
  "integer_case_count": 1748,
  "integer_failures": 150,
  "integer_failures_by_op": {
    "i64/ceildivsi": 6,
    "i64/ceildivui": 22,
    "i64/divsi": 10,
    "i64/divui": 24,
    "i64/maxui": 24,
    "i64/minui": 24,
    "i64/remsi": 8,
    "i64/remui": 20,
    "i64/shrui": 12
  },
  "declaration_checks": [
    {
      "field_changed": "alpha",
      "expanded_field_changed": true,
      "original_digest": "ed6ffa1d550025d53b4ccda2893bd1cca03161b04482b14e2c55495b3a5e8305",
      "changed_digest": "ed6ffa1d550025d53b4ccda2893bd1cca03161b04482b14e2c55495b3a5e8305",
      "digest_binds_change": false
    },
    {
      "field_changed": "units",
      "expanded_field_changed": true,
      "original_digest": "ed6ffa1d550025d53b4ccda2893bd1cca03161b04482b14e2c55495b3a5e8305",
      "changed_digest": "ed6ffa1d550025d53b4ccda2893bd1cca03161b04482b14e2c55495b3a5e8305",
      "digest_binds_change": false
    },
    {
      "field_changed": "resolution",
      "expanded_field_changed": true,
      "original_digest": "ed6ffa1d550025d53b4ccda2893bd1cca03161b04482b14e2c55495b3a5e8305",
      "changed_digest": "ed6ffa1d550025d53b4ccda2893bd1cca03161b04482b14e2c55495b3a5e8305",
      "digest_binds_change": false
    },
    {
      "field_changed": "magnitude_bound",
      "expanded_field_changed": true,
      "original_digest": "ed6ffa1d550025d53b4ccda2893bd1cca03161b04482b14e2c55495b3a5e8305",
      "changed_digest": "ed6ffa1d550025d53b4ccda2893bd1cca03161b04482b14e2c55495b3a5e8305",
      "digest_binds_change": false
    }
  ],
  "execution_checks": [
    {
      "case": "unknown_same",
      "expected_statistics": "withheld",
      "observed": {
        "launches_per_input": 2,
        "units_with_different_repeats": 0,
        "units": 1,
        "repeat_inputs_not_reproducible": false,
        "race_findings": [],
        "unknown_validity_findings": [
          "not_established:execution validity not established"
        ],
        "float_atomics": false,
        "status": "repeated launches bitwise identical",
        "statistics": "per launch"
      },
      "matches": false
    },
    {
      "case": "unknown_differ_with_atomic",
      "expected_statistics": "withheld",
      "observed": {
        "launches_per_input": 2,
        "units_with_different_repeats": 1,
        "units": 1,
        "repeat_inputs_not_reproducible": false,
        "race_findings": [],
        "unknown_validity_findings": [
          "not_established:execution validity not established"
        ],
        "float_atomics": true,
        "status": "atomic execution randomness: residuals averaged within the input over 2 launches",
        "statistics": "within-input mean"
      },
      "matches": false
    },
    {
      "case": "known_race",
      "expected_statistics": "withheld",
      "observed": {
        "launches_per_input": 2,
        "units_with_different_repeats": 0,
        "units": 1,
        "repeat_inputs_not_reproducible": false,
        "race_findings": [
          "not_established:execution race"
        ],
        "unknown_validity_findings": [],
        "float_atomics": false,
        "status": "execution race found by the reference: statistics withheld",
        "statistics": "withheld"
      },
      "matches": true
    },
    {
      "case": "ordinary_stable",
      "expected_statistics": "per launch",
      "observed": {
        "launches_per_input": 2,
        "units_with_different_repeats": 0,
        "units": 1,
        "repeat_inputs_not_reproducible": false,
        "race_findings": [],
        "unknown_validity_findings": [],
        "float_atomics": false,
        "status": "repeated launches bitwise identical",
        "statistics": "per launch"
      },
      "matches": true
    }
  ]
}
Known baseline defects reproduced. Exit 0 does NOT mean product correctness.
