commit da4b64e356708e7b98c0612e01a55bcc5617b2bb

[notice] A new release of pip is available: 24.0 -> 26.2.1
[notice] To update, run: /data1/tzh/envs/ka_main/bin/python -m pip install --upgrade pip
wheel kernel_analyzer-4.0.0.dev1-py3-none-any.whl sha256 e85e50391e8f8f02ccb9f3851f3262ef453971f29dc6ce8a10f27522f574494c
Name: kernel-analyzer
Version: 4.0.0.dev1
Summary: Systematic numerical difference of Triton kernels against an automatically generated real-semantics reference
Home-page: 
Author: 
Author-email: 
License: 
Location: /data1/tzh/kernel-analyzer/.cache/batch1/wheel/venv/lib/python3.11/site-packages
Requires: gmpy2, numpy, scipy, torch, triton
Required-by: 
Files:
  ../../../bin/kernel-analyzer-analyze
package /data1/tzh/kernel-analyzer/.cache/batch1/wheel/venv/lib/python3.11/site-packages/kernel_analyzer/__init__.py
usage: kernel-analyzer-measure [-h] --declaration DECLARATION --out OUT

options:
usage: kernel-analyzer-analyze [-h] --declaration DECLARATION --stage
                               {reference,statistics} --out OUT
                               [--capture-root CAPTURE_ROOT] [--units UNITS]
{"level": {}, "status": "ok", "seconds": 5.8, "refinement": "met at level 1", "outputs": {"y": {"status": "evaluated", "complete_rate": 1.0, "resolved": 1.0, "fixed_mean": "not confirmed on these projections (not a statement that the vector has no bias)", "aligned": "not confirmed on these projections (not a statement that the vector has no bias)", "failures": null}}, "reason": null}
failure counts {'semantics missing': 0, 'binding': 0, 'enclosure too wide': 0, 'over budget': 0, 'statistics insufficient': 0, 'set target width (L_E)': 0, 'unproven premise (conditional diagnosis)': 0}
measurement ok: call-level met at level 1 not confirmed on these projections (not a statement that the vector has no bias)
failure counts {'semantics missing': 0, 'binding': 0, 'enclosure too wide': 0, 'over budget': 0, 'statistics insufficient': 0, 'set target width (L_E)': 0, 'unproven premise (conditional diagnosis)': 0}
repository tool paths touched: []
CLEAN_WHEEL_ACCEPTANCE_OK

--- stderr ---
