Step 1: torchdynamo start tracing hidden /data1/tzh/forkcert/theory_oracle/capture_tan_context_inductor_provenance_v0_1.py:33
TRACE starts_line /data1/tzh/forkcert/theory_oracle/capture_tan_context_inductor_provenance_v0_1.py:33 in hidden (main.hidden)
        def hidden(*values):
TRACE COPY_FREE_VARS 2 []
TRACE RESUME 0 []
TRACE starts_line /data1/tzh/forkcert/theory_oracle/capture_tan_context_inductor_provenance_v0_1.py:34 in hidden (main.hidden)
            cat = torch.cat((values[3], values[2], values[1], values[0]), dim=2)
TRACE LOAD_DEREF torch []
TRACE LOAD_METHOD cat [LazyVariableTracker()]
TRACE LOAD_FAST values [NullVariable, TorchInGraphFunctionVariable(<built-in method cat of type object at 0x7fdaf21dc8a0>)]
TRACE LOAD_CONST 3 [NullVariable, TorchInGraphFunctionVariable(<built-in method cat of type object at 0x7fdaf21dc8a0>), LazyVariableTracker()]
TRACE BINARY_SUBSCR None [NullVariable, TorchInGraphFunctionVariable(<built-in method cat of type object at 0x7fdaf21dc8a0>), LazyVariableTracker(), ConstantVariable(int)]
create_graph_input L_values_0_ L['values'][0]
wrap_to_fake L['values'][0] (17, 5, 1, 7) [<DimDynamic.STATIC: 2>, <DimDynamic.STATIC: 2>, <DimDynamic.STATIC: 2>, <DimDynamic.STATIC: 2>] [None, None, None, None]
create_graph_input L_values_1_ L['values'][1]
wrap_to_fake L['values'][1] (17, 5, 1, 7) [<DimDynamic.STATIC: 2>, <DimDynamic.STATIC: 2>, <DimDynamic.STATIC: 2>, <DimDynamic.STATIC: 2>] [None, None, None, None]
create_graph_input L_values_2_ L['values'][2]
wrap_to_fake L['values'][2] (17, 5, 11, 7) [<DimDynamic.STATIC: 2>, <DimDynamic.STATIC: 2>, <DimDynamic.STATIC: 2>, <DimDynamic.STATIC: 2>] [None, None, None, None]
create_graph_input L_values_3_ L['values'][3]
wrap_to_fake L['values'][3] (17, 5, 1, 7) [<DimDynamic.STATIC: 2>, <DimDynamic.STATIC: 2>, <DimDynamic.STATIC: 2>, <DimDynamic.STATIC: 2>] [None, None, None, None]
create_graph_input L_values_4_ L['values'][4]
wrap_to_fake L['values'][4] () [] []
TRACE LOAD_FAST values [NullVariable, TorchInGraphFunctionVariable(<built-in method cat of type object at 0x7fdaf21dc8a0>), TensorVariable()]
TRACE LOAD_CONST 2 [NullVariable, TorchInGraphFunctionVariable(<built-in method cat of type object at 0x7fdaf21dc8a0>), TensorVariable(), TupleVariable()]
TRACE BINARY_SUBSCR None [NullVariable, TorchInGraphFunctionVariable(<built-in method cat of type object at 0x7fdaf21dc8a0>), TensorVariable(), TupleVariable(), ConstantVariable(int)]
TRACE LOAD_FAST values [NullVariable, TorchInGraphFunctionVariable(<built-in method cat of type object at 0x7fdaf21dc8a0>), TensorVariable(), TensorVariable()]
TRACE LOAD_CONST 1 [NullVariable, TorchInGraphFunctionVariable(<built-in method cat of type object at 0x7fdaf21dc8a0>), TensorVariable(), TensorVariable(), TupleVariable()]
TRACE BINARY_SUBSCR None [NullVariable, TorchInGraphFunctionVariable(<built-in method cat of type object at 0x7fdaf21dc8a0>), TensorVariable(), TensorVariable(), TupleVariable(), ConstantVariable(int)]
TRACE LOAD_FAST values [NullVariable, TorchInGraphFunctionVariable(<built-in method cat of type object at 0x7fdaf21dc8a0>), TensorVariable(), TensorVariable(), TensorVariable()]
TRACE LOAD_CONST 0 [NullVariable, TorchInGraphFunctionVariable(<built-in method cat of type object at 0x7fdaf21dc8a0>), TensorVariable(), TensorVariable(), TensorVariable(), TupleVariable()]
TRACE BINARY_SUBSCR None [NullVariable, TorchInGraphFunctionVariable(<built-in method cat of type object at 0x7fdaf21dc8a0>), TensorVariable(), TensorVariable(), TensorVariable(), TupleVariable(), ConstantVariable(int)]
TRACE BUILD_TUPLE 4 [NullVariable, TorchInGraphFunctionVariable(<built-in method cat of type object at 0x7fdaf21dc8a0>), TensorVariable(), TensorVariable(), TensorVariable(), TensorVariable()]
TRACE LOAD_CONST 2 [NullVariable, TorchInGraphFunctionVariable(<built-in method cat of type object at 0x7fdaf21dc8a0>), TupleVariable()]
TRACE KW_NAMES ('dim',) [NullVariable, TorchInGraphFunctionVariable(<built-in method cat of type object at 0x7fdaf21dc8a0>), TupleVariable(), ConstantVariable(int)]
TRACE PRECALL 2 [NullVariable, TorchInGraphFunctionVariable(<built-in method cat of type object at 0x7fdaf21dc8a0>), TupleVariable(), ConstantVariable(int)]
TRACE CALL 2 [NullVariable, TorchInGraphFunctionVariable(<built-in method cat of type object at 0x7fdaf21dc8a0>), TupleVariable(), ConstantVariable(int)]
TRACE FX call cat from /data1/tzh/forkcert/theory_oracle/capture_tan_context_inductor_provenance_v0_1.py:34 in hidden (main.hidden)
        cat = torch.cat((values[3], values[2], values[1], values[0]), dim=2)
              ~~~~~~~~~^^^^^^^^^^^^^^^^^^^^^^^^^^^^^^^^^^^^^^^^^^^^^^^^^^^^^
TRACE STORE_FAST cat [TensorVariable()]
TRACE starts_line /data1/tzh/forkcert/theory_oracle/capture_tan_context_inductor_provenance_v0_1.py:35 in hidden (main.hidden)
            mul = torch.mul(cat, torch.max(values[4], p0))
TRACE LOAD_DEREF torch []
TRACE LOAD_METHOD mul [TorchVariable()]
TRACE LOAD_FAST cat [NullVariable, TorchInGraphFunctionVariable(<built-in method mul of type object at 0x7fdaf21dc8a0>)]
TRACE LOAD_DEREF torch [NullVariable, TorchInGraphFunctionVariable(<built-in method mul of type object at 0x7fdaf21dc8a0>), TensorVariable()]
TRACE LOAD_METHOD max [NullVariable, TorchInGraphFunctionVariable(<built-in method mul of type object at 0x7fdaf21dc8a0>), TensorVariable(), TorchVariable()]
TRACE LOAD_FAST values [NullVariable, TorchInGraphFunctionVariable(<built-in method mul of type object at 0x7fdaf21dc8a0>), TensorVariable(), NullVariable, TorchInGraphFunctionVariable(<built-in method max of type object at 0x7fdaf21dc8a0>)]
TRACE LOAD_CONST 4 [NullVariable, TorchInGraphFunctionVariable(<built-in method mul of type object at 0x7fdaf21dc8a0>), TensorVariable(), NullVariable, TorchInGraphFunctionVariable(<built-in method max of type object at 0x7fdaf21dc8a0>), TupleVariable()]
TRACE BINARY_SUBSCR None [NullVariable, TorchInGraphFunctionVariable(<built-in method mul of type object at 0x7fdaf21dc8a0>), TensorVariable(), NullVariable, TorchInGraphFunctionVariable(<built-in method max of type object at 0x7fdaf21dc8a0>), TupleVariable(), ConstantVariable(int)]
TRACE LOAD_DEREF p0 [NullVariable, TorchInGraphFunctionVariable(<built-in method mul of type object at 0x7fdaf21dc8a0>), TensorVariable(), NullVariable, TorchInGraphFunctionVariable(<built-in method max of type object at 0x7fdaf21dc8a0>), TensorVariable()]
TRACE PRECALL 2 [NullVariable, TorchInGraphFunctionVariable(<built-in method mul of type object at 0x7fdaf21dc8a0>), TensorVariable(), NullVariable, TorchInGraphFunctionVariable(<built-in method max of type object at 0x7fdaf21dc8a0>), TensorVariable(), LazyVariableTracker()]
TRACE CALL 2 [NullVariable, TorchInGraphFunctionVariable(<built-in method mul of type object at 0x7fdaf21dc8a0>), TensorVariable(), NullVariable, TorchInGraphFunctionVariable(<built-in method max of type object at 0x7fdaf21dc8a0>), TensorVariable(), LazyVariableTracker()]
create_graph_input L_p0_ L['p0']
wrap_to_fake L['p0'] (1,) [<DimDynamic.STATIC: 2>] [None]
TRACE FX call max_1 from /data1/tzh/forkcert/theory_oracle/capture_tan_context_inductor_provenance_v0_1.py:35 in hidden (main.hidden)
        mul = torch.mul(cat, torch.max(values[4], p0))
                             ~~~~~~~~~^^^^^^^^^^^^^^^
TRACE PRECALL 2 [NullVariable, TorchInGraphFunctionVariable(<built-in method mul of type object at 0x7fdaf21dc8a0>), TensorVariable(), TensorVariable()]
TRACE CALL 2 [NullVariable, TorchInGraphFunctionVariable(<built-in method mul of type object at 0x7fdaf21dc8a0>), TensorVariable(), TensorVariable()]
TRACE FX call mul from /data1/tzh/forkcert/theory_oracle/capture_tan_context_inductor_provenance_v0_1.py:35 in hidden (main.hidden)
        mul = torch.mul(cat, torch.max(values[4], p0))
              ~~~~~~~~~^^^^^^^^^^^^^^^^^^^^^^^^^^^^^^^
TRACE STORE_FAST mul [TensorVariable()]
TRACE starts_line /data1/tzh/forkcert/theory_oracle/capture_tan_context_inductor_provenance_v0_1.py:36 in hidden (main.hidden)
            return torch.tan(mul)
TRACE LOAD_DEREF torch []
TRACE LOAD_METHOD tan [TorchVariable()]
TRACE LOAD_FAST mul [NullVariable, TorchInGraphFunctionVariable(<built-in method tan of type object at 0x7fdaf21dc8a0>)]
TRACE PRECALL 1 [NullVariable, TorchInGraphFunctionVariable(<built-in method tan of type object at 0x7fdaf21dc8a0>), TensorVariable()]
TRACE CALL 1 [NullVariable, TorchInGraphFunctionVariable(<built-in method tan of type object at 0x7fdaf21dc8a0>), TensorVariable()]
TRACE FX call tan from /data1/tzh/forkcert/theory_oracle/capture_tan_context_inductor_provenance_v0_1.py:36 in hidden (main.hidden)
        return torch.tan(mul)
               ~~~~~~~~~^^^^^
TRACE RETURN_VALUE None [TensorVariable()]
Step 1: torchdynamo done tracing hidden (RETURN_VALUE)
RETURN_VALUE triggered compile
COMPILING GRAPH due to GraphCompileReason(reason='return_value', user_stack=[<FrameSummary file /data1/tzh/forkcert/theory_oracle/capture_tan_context_inductor_provenance_v0_1.py, line 36 in hidden>], graph_break=False)
TRACED GRAPH
 ===== __compiled_fn_0 =====
 <eval_with_key>.0 class GraphModule(torch.nn.Module):
    def forward(self, L_values_0_ : torch.Tensor, L_values_1_ : torch.Tensor, L_values_2_ : torch.Tensor, L_values_3_ : torch.Tensor, L_values_4_ : torch.Tensor, L_p0_ : torch.Tensor):
        l_values_0_ = L_values_0_
        l_values_1_ = L_values_1_
        l_values_2_ = L_values_2_
        l_values_3_ = L_values_3_
        l_values_4_ = L_values_4_
        l_p0_ = L_p0_
        
        # File: /data1/tzh/forkcert/theory_oracle/capture_tan_context_inductor_provenance_v0_1.py:34, code: cat = torch.cat((values[3], values[2], values[1], values[0]), dim=2)
        cat = torch.cat((l_values_3_, l_values_2_, l_values_1_, l_values_0_), dim = 2);  l_values_3_ = l_values_2_ = l_values_1_ = l_values_0_ = None
        
        # File: /data1/tzh/forkcert/theory_oracle/capture_tan_context_inductor_provenance_v0_1.py:35, code: mul = torch.mul(cat, torch.max(values[4], p0))
        max_1 = torch.max(l_values_4_, l_p0_);  l_values_4_ = l_p0_ = None
        mul = torch.mul(cat, max_1);  cat = max_1 = None
        
        # File: /data1/tzh/forkcert/theory_oracle/capture_tan_context_inductor_provenance_v0_1.py:36, code: return torch.tan(mul)
        tan = torch.tan(mul);  mul = None
        return (tan,)
        

Tabulate module missing, please install tabulate to log the graph in tabular format, logging code instead:
TRACED GRAPH
 ===== __compiled_fn_0 =====
 <eval_with_key>.0 class GraphModule(torch.nn.Module):
    def forward(self, L_values_0_ : torch.Tensor, L_values_1_ : torch.Tensor, L_values_2_ : torch.Tensor, L_values_3_ : torch.Tensor, L_values_4_ : torch.Tensor, L_p0_ : torch.Tensor):
        l_values_0_ = L_values_0_
        l_values_1_ = L_values_1_
        l_values_2_ = L_values_2_
        l_values_3_ = L_values_3_
        l_values_4_ = L_values_4_
        l_p0_ = L_p0_
        
        # File: /data1/tzh/forkcert/theory_oracle/capture_tan_context_inductor_provenance_v0_1.py:34, code: cat = torch.cat((values[3], values[2], values[1], values[0]), dim=2)
        cat = torch.cat((l_values_3_, l_values_2_, l_values_1_, l_values_0_), dim = 2);  l_values_3_ = l_values_2_ = l_values_1_ = l_values_0_ = None
        
        # File: /data1/tzh/forkcert/theory_oracle/capture_tan_context_inductor_provenance_v0_1.py:35, code: mul = torch.mul(cat, torch.max(values[4], p0))
        max_1 = torch.max(l_values_4_, l_p0_);  l_values_4_ = l_p0_ = None
        mul = torch.mul(cat, max_1);  cat = max_1 = None
        
        # File: /data1/tzh/forkcert/theory_oracle/capture_tan_context_inductor_provenance_v0_1.py:36, code: return torch.tan(mul)
        tan = torch.tan(mul);  mul = None
        return (tan,)
        

TRACED GRAPH TENSOR SIZES
===== __compiled_fn_0 =====
l_values_0_: (17, 5, 1, 7)
l_values_1_: (17, 5, 1, 7)
l_values_2_: (17, 5, 11, 7)
l_values_3_: (17, 5, 1, 7)
l_values_4_: ()
l_p0_: (1,)
cat: (17, 5, 14, 7)
max_1: (1,)
mul: (17, 5, 14, 7)
tan: (17, 5, 14, 7)

Step 2: calling compiler function inductor
Step 2: done compiler function inductor
Step 1: torchdynamo start tracing exposed_mul /data1/tzh/forkcert/theory_oracle/capture_tan_context_inductor_provenance_v0_1.py:38
TRACE starts_line /data1/tzh/forkcert/theory_oracle/capture_tan_context_inductor_provenance_v0_1.py:38 in exposed_mul (main.exposed_mul)
        def exposed_mul(*values):
TRACE COPY_FREE_VARS 2 []
TRACE RESUME 0 []
TRACE starts_line /data1/tzh/forkcert/theory_oracle/capture_tan_context_inductor_provenance_v0_1.py:39 in exposed_mul (main.exposed_mul)
            cat = torch.cat((values[3], values[2], values[1], values[0]), dim=2)
TRACE LOAD_DEREF torch []
TRACE LOAD_METHOD cat [LazyVariableTracker()]
TRACE LOAD_FAST values [NullVariable, TorchInGraphFunctionVariable(<built-in method cat of type object at 0x7fdaf21dc8a0>)]
TRACE LOAD_CONST 3 [NullVariable, TorchInGraphFunctionVariable(<built-in method cat of type object at 0x7fdaf21dc8a0>), LazyVariableTracker()]
TRACE BINARY_SUBSCR None [NullVariable, TorchInGraphFunctionVariable(<built-in method cat of type object at 0x7fdaf21dc8a0>), LazyVariableTracker(), ConstantVariable(int)]
create_graph_input L_values_0_ L['values'][0]
wrap_to_fake L['values'][0] (17, 5, 1, 7) [<DimDynamic.STATIC: 2>, <DimDynamic.STATIC: 2>, <DimDynamic.STATIC: 2>, <DimDynamic.STATIC: 2>] [None, None, None, None]
create_graph_input L_values_1_ L['values'][1]
wrap_to_fake L['values'][1] (17, 5, 1, 7) [<DimDynamic.STATIC: 2>, <DimDynamic.STATIC: 2>, <DimDynamic.STATIC: 2>, <DimDynamic.STATIC: 2>] [None, None, None, None]
create_graph_input L_values_2_ L['values'][2]
wrap_to_fake L['values'][2] (17, 5, 11, 7) [<DimDynamic.STATIC: 2>, <DimDynamic.STATIC: 2>, <DimDynamic.STATIC: 2>, <DimDynamic.STATIC: 2>] [None, None, None, None]
create_graph_input L_values_3_ L['values'][3]
wrap_to_fake L['values'][3] (17, 5, 1, 7) [<DimDynamic.STATIC: 2>, <DimDynamic.STATIC: 2>, <DimDynamic.STATIC: 2>, <DimDynamic.STATIC: 2>] [None, None, None, None]
create_graph_input L_values_4_ L['values'][4]
wrap_to_fake L['values'][4] () [] []
TRACE LOAD_FAST values [NullVariable, TorchInGraphFunctionVariable(<built-in method cat of type object at 0x7fdaf21dc8a0>), TensorVariable()]
TRACE LOAD_CONST 2 [NullVariable, TorchInGraphFunctionVariable(<built-in method cat of type object at 0x7fdaf21dc8a0>), TensorVariable(), TupleVariable()]
TRACE BINARY_SUBSCR None [NullVariable, TorchInGraphFunctionVariable(<built-in method cat of type object at 0x7fdaf21dc8a0>), TensorVariable(), TupleVariable(), ConstantVariable(int)]
TRACE LOAD_FAST values [NullVariable, TorchInGraphFunctionVariable(<built-in method cat of type object at 0x7fdaf21dc8a0>), TensorVariable(), TensorVariable()]
TRACE LOAD_CONST 1 [NullVariable, TorchInGraphFunctionVariable(<built-in method cat of type object at 0x7fdaf21dc8a0>), TensorVariable(), TensorVariable(), TupleVariable()]
TRACE BINARY_SUBSCR None [NullVariable, TorchInGraphFunctionVariable(<built-in method cat of type object at 0x7fdaf21dc8a0>), TensorVariable(), TensorVariable(), TupleVariable(), ConstantVariable(int)]
TRACE LOAD_FAST values [NullVariable, TorchInGraphFunctionVariable(<built-in method cat of type object at 0x7fdaf21dc8a0>), TensorVariable(), TensorVariable(), TensorVariable()]
TRACE LOAD_CONST 0 [NullVariable, TorchInGraphFunctionVariable(<built-in method cat of type object at 0x7fdaf21dc8a0>), TensorVariable(), TensorVariable(), TensorVariable(), TupleVariable()]
TRACE BINARY_SUBSCR None [NullVariable, TorchInGraphFunctionVariable(<built-in method cat of type object at 0x7fdaf21dc8a0>), TensorVariable(), TensorVariable(), TensorVariable(), TupleVariable(), ConstantVariable(int)]
TRACE BUILD_TUPLE 4 [NullVariable, TorchInGraphFunctionVariable(<built-in method cat of type object at 0x7fdaf21dc8a0>), TensorVariable(), TensorVariable(), TensorVariable(), TensorVariable()]
TRACE LOAD_CONST 2 [NullVariable, TorchInGraphFunctionVariable(<built-in method cat of type object at 0x7fdaf21dc8a0>), TupleVariable()]
TRACE KW_NAMES ('dim',) [NullVariable, TorchInGraphFunctionVariable(<built-in method cat of type object at 0x7fdaf21dc8a0>), TupleVariable(), ConstantVariable(int)]
TRACE PRECALL 2 [NullVariable, TorchInGraphFunctionVariable(<built-in method cat of type object at 0x7fdaf21dc8a0>), TupleVariable(), ConstantVariable(int)]
TRACE CALL 2 [NullVariable, TorchInGraphFunctionVariable(<built-in method cat of type object at 0x7fdaf21dc8a0>), TupleVariable(), ConstantVariable(int)]
TRACE FX call cat from /data1/tzh/forkcert/theory_oracle/capture_tan_context_inductor_provenance_v0_1.py:39 in exposed_mul (main.exposed_mul)
        cat = torch.cat((values[3], values[2], values[1], values[0]), dim=2)
              ~~~~~~~~~^^^^^^^^^^^^^^^^^^^^^^^^^^^^^^^^^^^^^^^^^^^^^^^^^^^^^
TRACE STORE_FAST cat [TensorVariable()]
TRACE starts_line /data1/tzh/forkcert/theory_oracle/capture_tan_context_inductor_provenance_v0_1.py:40 in exposed_mul (main.exposed_mul)
            mul = torch.mul(cat, torch.max(values[4], p0))
TRACE LOAD_DEREF torch []
TRACE LOAD_METHOD mul [TorchVariable()]
TRACE LOAD_FAST cat [NullVariable, TorchInGraphFunctionVariable(<built-in method mul of type object at 0x7fdaf21dc8a0>)]
TRACE LOAD_DEREF torch [NullVariable, TorchInGraphFunctionVariable(<built-in method mul of type object at 0x7fdaf21dc8a0>), TensorVariable()]
TRACE LOAD_METHOD max [NullVariable, TorchInGraphFunctionVariable(<built-in method mul of type object at 0x7fdaf21dc8a0>), TensorVariable(), TorchVariable()]
TRACE LOAD_FAST values [NullVariable, TorchInGraphFunctionVariable(<built-in method mul of type object at 0x7fdaf21dc8a0>), TensorVariable(), NullVariable, TorchInGraphFunctionVariable(<built-in method max of type object at 0x7fdaf21dc8a0>)]
TRACE LOAD_CONST 4 [NullVariable, TorchInGraphFunctionVariable(<built-in method mul of type object at 0x7fdaf21dc8a0>), TensorVariable(), NullVariable, TorchInGraphFunctionVariable(<built-in method max of type object at 0x7fdaf21dc8a0>), TupleVariable()]
TRACE BINARY_SUBSCR None [NullVariable, TorchInGraphFunctionVariable(<built-in method mul of type object at 0x7fdaf21dc8a0>), TensorVariable(), NullVariable, TorchInGraphFunctionVariable(<built-in method max of type object at 0x7fdaf21dc8a0>), TupleVariable(), ConstantVariable(int)]
TRACE LOAD_DEREF p0 [NullVariable, TorchInGraphFunctionVariable(<built-in method mul of type object at 0x7fdaf21dc8a0>), TensorVariable(), NullVariable, TorchInGraphFunctionVariable(<built-in method max of type object at 0x7fdaf21dc8a0>), TensorVariable()]
TRACE PRECALL 2 [NullVariable, TorchInGraphFunctionVariable(<built-in method mul of type object at 0x7fdaf21dc8a0>), TensorVariable(), NullVariable, TorchInGraphFunctionVariable(<built-in method max of type object at 0x7fdaf21dc8a0>), TensorVariable(), LazyVariableTracker()]
TRACE CALL 2 [NullVariable, TorchInGraphFunctionVariable(<built-in method mul of type object at 0x7fdaf21dc8a0>), TensorVariable(), NullVariable, TorchInGraphFunctionVariable(<built-in method max of type object at 0x7fdaf21dc8a0>), TensorVariable(), LazyVariableTracker()]
create_graph_input L_p0_ L['p0']
wrap_to_fake L['p0'] (1,) [<DimDynamic.STATIC: 2>] [None]
TRACE FX call max_1 from /data1/tzh/forkcert/theory_oracle/capture_tan_context_inductor_provenance_v0_1.py:40 in exposed_mul (main.exposed_mul)
        mul = torch.mul(cat, torch.max(values[4], p0))
                             ~~~~~~~~~^^^^^^^^^^^^^^^
TRACE PRECALL 2 [NullVariable, TorchInGraphFunctionVariable(<built-in method mul of type object at 0x7fdaf21dc8a0>), TensorVariable(), TensorVariable()]
TRACE CALL 2 [NullVariable, TorchInGraphFunctionVariable(<built-in method mul of type object at 0x7fdaf21dc8a0>), TensorVariable(), TensorVariable()]
TRACE FX call mul from /data1/tzh/forkcert/theory_oracle/capture_tan_context_inductor_provenance_v0_1.py:40 in exposed_mul (main.exposed_mul)
        mul = torch.mul(cat, torch.max(values[4], p0))
              ~~~~~~~~~^^^^^^^^^^^^^^^^^^^^^^^^^^^^^^^
TRACE STORE_FAST mul [TensorVariable()]
TRACE starts_line /data1/tzh/forkcert/theory_oracle/capture_tan_context_inductor_provenance_v0_1.py:41 in exposed_mul (main.exposed_mul)
            return mul, torch.tan(mul)
TRACE LOAD_FAST mul []
TRACE LOAD_DEREF torch [TensorVariable()]
TRACE LOAD_METHOD tan [TensorVariable(), TorchVariable()]
TRACE LOAD_FAST mul [TensorVariable(), NullVariable, TorchInGraphFunctionVariable(<built-in method tan of type object at 0x7fdaf21dc8a0>)]
TRACE PRECALL 1 [TensorVariable(), NullVariable, TorchInGraphFunctionVariable(<built-in method tan of type object at 0x7fdaf21dc8a0>), TensorVariable()]
TRACE CALL 1 [TensorVariable(), NullVariable, TorchInGraphFunctionVariable(<built-in method tan of type object at 0x7fdaf21dc8a0>), TensorVariable()]
TRACE FX call tan from /data1/tzh/forkcert/theory_oracle/capture_tan_context_inductor_provenance_v0_1.py:41 in exposed_mul (main.exposed_mul)
        return mul, torch.tan(mul)
                    ~~~~~~~~~^^^^^
TRACE BUILD_TUPLE 2 [TensorVariable(), TensorVariable()]
TRACE RETURN_VALUE None [TupleVariable()]
Step 1: torchdynamo done tracing exposed_mul (RETURN_VALUE)
RETURN_VALUE triggered compile
COMPILING GRAPH due to GraphCompileReason(reason='return_value', user_stack=[<FrameSummary file /data1/tzh/forkcert/theory_oracle/capture_tan_context_inductor_provenance_v0_1.py, line 41 in exposed_mul>], graph_break=False)
TRACED GRAPH
 ===== __compiled_fn_1 =====
 <eval_with_key>.46 class GraphModule(torch.nn.Module):
    def forward(self, L_values_0_ : torch.Tensor, L_values_1_ : torch.Tensor, L_values_2_ : torch.Tensor, L_values_3_ : torch.Tensor, L_values_4_ : torch.Tensor, L_p0_ : torch.Tensor):
        l_values_0_ = L_values_0_
        l_values_1_ = L_values_1_
        l_values_2_ = L_values_2_
        l_values_3_ = L_values_3_
        l_values_4_ = L_values_4_
        l_p0_ = L_p0_
        
        # File: /data1/tzh/forkcert/theory_oracle/capture_tan_context_inductor_provenance_v0_1.py:39, code: cat = torch.cat((values[3], values[2], values[1], values[0]), dim=2)
        cat = torch.cat((l_values_3_, l_values_2_, l_values_1_, l_values_0_), dim = 2);  l_values_3_ = l_values_2_ = l_values_1_ = l_values_0_ = None
        
        # File: /data1/tzh/forkcert/theory_oracle/capture_tan_context_inductor_provenance_v0_1.py:40, code: mul = torch.mul(cat, torch.max(values[4], p0))
        max_1 = torch.max(l_values_4_, l_p0_);  l_values_4_ = l_p0_ = None
        mul = torch.mul(cat, max_1);  cat = max_1 = None
        
        # File: /data1/tzh/forkcert/theory_oracle/capture_tan_context_inductor_provenance_v0_1.py:41, code: return mul, torch.tan(mul)
        tan = torch.tan(mul)
        return (mul, tan)
        

Tabulate module missing, please install tabulate to log the graph in tabular format, logging code instead:
TRACED GRAPH
 ===== __compiled_fn_1 =====
 <eval_with_key>.46 class GraphModule(torch.nn.Module):
    def forward(self, L_values_0_ : torch.Tensor, L_values_1_ : torch.Tensor, L_values_2_ : torch.Tensor, L_values_3_ : torch.Tensor, L_values_4_ : torch.Tensor, L_p0_ : torch.Tensor):
        l_values_0_ = L_values_0_
        l_values_1_ = L_values_1_
        l_values_2_ = L_values_2_
        l_values_3_ = L_values_3_
        l_values_4_ = L_values_4_
        l_p0_ = L_p0_
        
        # File: /data1/tzh/forkcert/theory_oracle/capture_tan_context_inductor_provenance_v0_1.py:39, code: cat = torch.cat((values[3], values[2], values[1], values[0]), dim=2)
        cat = torch.cat((l_values_3_, l_values_2_, l_values_1_, l_values_0_), dim = 2);  l_values_3_ = l_values_2_ = l_values_1_ = l_values_0_ = None
        
        # File: /data1/tzh/forkcert/theory_oracle/capture_tan_context_inductor_provenance_v0_1.py:40, code: mul = torch.mul(cat, torch.max(values[4], p0))
        max_1 = torch.max(l_values_4_, l_p0_);  l_values_4_ = l_p0_ = None
        mul = torch.mul(cat, max_1);  cat = max_1 = None
        
        # File: /data1/tzh/forkcert/theory_oracle/capture_tan_context_inductor_provenance_v0_1.py:41, code: return mul, torch.tan(mul)
        tan = torch.tan(mul)
        return (mul, tan)
        

TRACED GRAPH TENSOR SIZES
===== __compiled_fn_1 =====
l_values_0_: (17, 5, 1, 7)
l_values_1_: (17, 5, 1, 7)
l_values_2_: (17, 5, 11, 7)
l_values_3_: (17, 5, 1, 7)
l_values_4_: ()
l_p0_: (1,)
cat: (17, 5, 14, 7)
max_1: (1,)
mul: (17, 5, 14, 7)
tan: (17, 5, 14, 7)

Step 2: calling compiler function inductor
Step 2: done compiler function inductor
